// Vitest Snapshot v1, https://vitest.dev/guide/snapshot.html

exports[`OPTION LIST > Should match snapshot 1`] = `
<DocumentFragment>
  <form
    action="process-answer"
    class="_options_group_d5afd4"
  >
    <button
      class="_answer_d5afd4"
      name="answer"
      type="submit"
      value="A"
    >
      <span
        class="_answer_label_d5afd4"
      />
      <span
        class="_answer_title_d5afd4"
      >
        option 1
      </span>
    </button>
    <button
      class="_answer_d5afd4"
      name="answer"
      type="submit"
      value="B"
    >
      <span
        class="_answer_label_d5afd4"
      />
      <span
        class="_answer_title_d5afd4"
      >
        option 2
      </span>
    </button>
  </form>
</DocumentFragment>
`;
